Microchip MPLAB XC8 Compiler V2.10 ()

Linker command line:

-W-3 --edf=C:\Program Files (x86)\Microchip\xc8\v2.10\pic\dat\en_msgs.txt \
  -cs -h+dist/default/production\Lab4_Master.X.production.sym \
  --cmf=dist/default/production\Lab4_Master.X.production.cmf -z -Q16F887 \
  -oC:\Users\juan\AppData\Local\Temp\s42o.2 --defsym=__MPLAB_BUILD=1 \
  -Mdist/default/production/Lab4_Master.X.production.map -E1 -ver=XC8 \
  --acfsm=1493 -ASTACK=0110h-016Fh -pstack=STACK -ACODE=00h-07FFhx4 \
  -ASTRCODE=00h-01FFFh -ASTRING=00h-0FFhx32 -ACONST=00h-0FFhx32 \
  -AENTRY=00h-0FFhx32 -ACOMMON=070h-07Fh -ABANK0=020h-06Fh \
  -ABANK1=0A0h-0EFh -ABANK2=0110h-016Fh -ABANK3=0190h-01EFh \
  -ARAM=020h-06Fh,0A0h-0EFh,0110h-016Fh,0190h-01EFh \
  -AABS1=020h-07Fh,0A0h-0EFh,0110h-016Fh,0190h-01EFh -ASFR0=00h-01Fh \
  -ASFR1=080h-09Fh -ASFR2=0100h-010Fh -ASFR3=0180h-018Fh \
  -preset_vec=00h,intentry,init,end_init -ppowerup=CODE -pcinit=CODE \
  -pfunctab=ENTRY -ACONFIG=02007h-02008h -pconfig=CONFIG -DCONFIG=2 \
  -AIDLOC=02000h-02003h -pidloc=IDLOC -DIDLOC=2 -AEEDATA=00h-0FFh/02100h \
  -peeprom_data=EEDATA -DEEDATA=2 -DCODE=2 -DSTRCODE=2 -DSTRING=2 -DCONST=2 \
  -DENTRY=2 -k C:\Users\juan\AppData\Local\Temp\s42o.o \
  dist/default/production\Lab4_Master.X.production.o 

Object code version is 3.11

Machine type is 16F887



                Name                               Link     Load   Length Selector   Space Scale
C:\Users\juan\AppData\Local\Temp\s42o.o
                end_init                              0        0        3        0       0
                config                             2007     2007        2     400E       0
dist/default/production\Lab4_Master.X.production.o
                cinit                               7F9      7F9        7      FF2       0
                text10                              75C      75C       9D      EB8       0
                text9                               66E      66E       63      CDC       0
                text8                               5C2      5C2        8      B84       0
                text7                               5D3      5D3        C      BA6       0
                text6                               612      612       5C      C24       0
                text5                               5DF      5DF       17      BBE       0
                text4                               5F6      5F6       1C      BEC       0
                text3                               5BB      5BB        7      B76       0
                text2                               5CA      5CA        9      B94       0
                text1                               5B5      5B5        6      B6A       0
                maintext                            6D1      6D1       8B      DA2       0
                cstackBANK0                          20       20       16       20       1
                cstackCOMMON                         70       70        B       70       1
                bssCOMMON                            7B       7B        3       70       1

TOTAL           Name                               Link     Load   Length     Space
        CLASS   STACK          

        CLASS   CODE           
                end_init                              0        0        3         0
                cinit                               7F9      7F9        7         0
                text10                              75C      75C       9D         0
                text9                               66E      66E       63         0
                text8                               5C2      5C2        8         0
                text7                               5D3      5D3        C         0
                text6                               612      612       5C         0
                text5                               5DF      5DF       17         0
                text4                               5F6      5F6       1C         0
                text3                               5BB      5BB        7         0
                text2                               5CA      5CA        9         0
                text1                               5B5      5B5        6         0
                maintext                            6D1      6D1       8B         0

        CLASS   STRCODE        

        CLASS   STRING         

        CLASS   CONST          

        CLASS   ENTRY          

        CLASS   COMMON         
                cstackCOMMON                         70       70        B         1
                bssCOMMON                            7B       7B        3         1

        CLASS   BANK0          
                cstackBANK0                          20       20       16         1

        CLASS   BANK1          

        CLASS   BANK2          

        CLASS   BANK3          

        CLASS   RAM            

        CLASS   ABS1           
                abs_s1                               7E       7E        2         1

        CLASS   SFR0           

        CLASS   SFR1           

        CLASS   SFR2           

        CLASS   SFR3           

        CLASS   CONFIG         
                config                             2007     2007        2         0

        CLASS   IDLOC          

        CLASS   EEDATA         



SEGMENTS        Name                           Load    Length   Top    Selector   Space  Class     Delta

                reset_vec                      000000  000003  000003         0       0  CODE        2
                cstackBANK0                    000020  000016  000036        20       1  BANK0       1
                cstackCOMMON                   000070  00000E  00007E        70       1  COMMON      1
                text1                          0005B5  000006  0005BB       B6A       0  CODE        2
                text3                          0005BB  000007  0005C2       B76       0  CODE        2
                text8                          0005C2  000008  0005CA       B84       0  CODE        2
                text2                          0005CA  000009  0005D3       B94       0  CODE        2
                text7                          0005D3  00000C  0005DF       BA6       0  CODE        2
                text5                          0005DF  000017  0005F6       BBE       0  CODE        2
                text4                          0005F6  00001C  000612       BEC       0  CODE        2
                text6                          000612  00005C  00066E       C24       0  CODE        2
                text9                          00066E  000063  0006D1       CDC       0  CODE        2
                maintext                       0006D1  00008B  00075C       DA2       0  CODE        2
                text10                         00075C  00009D  0007F9       EB8       0  CODE        2
                cinit                          0007F9  000007  000800       FF2       0  CODE        2
                config                         002007  000002  002009      400E       0  CONFIG      2


UNUSED ADDRESS RANGES

        Name                Unused          Largest block    Delta
        BANK0            0036-006F             3A           1
        BANK1            00A0-00EF             50           1
        BANK2            0110-016F             60           1
        BANK3            0190-01EF             60           1
        CODE             0003-05B4            5B2           2
                         0800-1FFF            800
        CONST            0003-05B4            100           2
                         0800-1FFF            100
        EEDATA           2100-21FF            100           2
        ENTRY            0003-05B4            100           2
                         0800-1FFF            100
        IDLOC            2000-2003              4           2
        RAM              0036-006F             3A           1
                         00A0-00EF             50
                         0110-016F             60
                         0190-01EF             60
        SFR0             0000-001F             20           1
        SFR1             0080-009F             20           1
        SFR2             0100-010F             10           1
        SFR3             0180-018F             10           1
        STACK            0110-016F             60           1
        STRCODE          0003-05B4            5B2           2
                         0800-1FFF           1800
        STRING           0003-05B4            100           2
                         0800-1FFF            100

                                  Symbol Table

?___aldiv                 cstackCOMMON 0070
UART_INIT@baudrate        cstackBANK0  0026
UART_WRITE@data           cstackCOMMON 0070
_ANSEL                    (abs)        0188
_ANSELH                   (abs)        0189
_INTCONbits               (abs)        000B
_OSCCONbits               (abs)        008F
_PIE1bits                 (abs)        008C
_PIR1bits                 (abs)        000C
_PORTA                    (abs)        0005
_PORTB                    (abs)        0006
_PORTC                    (abs)        0007
_PORTD                    (abs)        0008
_PORTDbits                (abs)        0008
_RCREG                    (abs)        001A
_RCSTAbits                (abs)        0018
_SPBRG                    (abs)        0099
_SSPBUF                   (abs)        0013
_SSPCON                   (abs)        0014
_SSPSTAT                  (abs)        0094
_SSPSTATbits              (abs)        0094
_TRISA                    (abs)        0085
_TRISB                    (abs)        0086
_TRISC                    (abs)        0087
_TRISC3                   (abs)        043B
_TRISC4                   (abs)        043C
_TRISC5                   (abs)        043D
_TRISCbits                (abs)        0087
_TRISD                    (abs)        0088
_TRISDbits                (abs)        0088
_TXREG                    (abs)        0019
_TXSTAbits                (abs)        0098
_UART_INIT                text9        066E
_UART_READ                text8        05C2
_UART_WRITE               text7        05D3
__CFG_BOR4V$BOR40V        (abs)        0000
__CFG_BOREN$OFF           (abs)        0000
__CFG_CP$OFF              (abs)        0000
__CFG_CPD$OFF             (abs)        0000
__CFG_FCMEN$OFF           (abs)        0000
__CFG_FOSC$INTRC_NOCLKOUT (abs)        0000
__CFG_IESO$OFF            (abs)        0000
__CFG_LVP$OFF             (abs)        0000
__CFG_MCLRE$OFF           (abs)        0000
__CFG_PWRTE$OFF           (abs)        0000
__CFG_WDTE$OFF            (abs)        0000
__CFG_WRT$OFF             (abs)        0000
__Habs1                   abs1         0000
__Hbank0                  bank0        0000
__Hbank1                  bank1        0000
__Hbank2                  bank2        0000
__Hbank3                  bank3        0000
__HbssCOMMON              bssCOMMON    0000
__Hcinit                  cinit        0800
__Hclrtext                clrtext      0000
__Hcode                   code         0000
__Hcommon                 common       0000
__Hconfig                 config       2009
__HcstackBANK0            cstackBANK0  0000
__HcstackCOMMON           cstackCOMMON 0000
__Heeprom_data            eeprom_data  0000
__Hend_init               end_init     0003
__Hfunctab                functab      0000
__Hidloc                  idloc        0000
__Hinit                   init         0000
__Hintentry               intentry     0000
__Hmaintext               maintext     0000
__Hpowerup                powerup      0000
__Hram                    ram          0000
__Hreset_vec              reset_vec    0000
__Hsfr0                   sfr0         0000
__Hsfr1                   sfr1         0000
__Hsfr2                   sfr2         0000
__Hsfr3                   sfr3         0000
__Hspace_0                (abs)        2009
__Hspace_1                (abs)        007E
__Hspace_2                (abs)        0000
__Hspace_3                (abs)        0000
__Hstack                  stack        0000
__Hstrings                strings      0000
__Htext                   text         0000
__Labs1                   abs1         0000
__Lbank0                  bank0        0000
__Lbank1                  bank1        0000
__Lbank2                  bank2        0000
__Lbank3                  bank3        0000
__LbssCOMMON              bssCOMMON    0000
__Lcinit                  cinit        07F9
__Lclrtext                clrtext      0000
__Lcode                   code         0000
__Lcommon                 common       0000
__Lconfig                 config       2007
__LcstackBANK0            cstackBANK0  0000
__LcstackCOMMON           cstackCOMMON 0000
__Leeprom_data            eeprom_data  0000
__Lend_init               end_init     0000
__Lfunctab                functab      0000
__Lidloc                  idloc        0000
__Linit                   init         0000
__Lintentry               intentry     0000
__Lmaintext               maintext     0000
__Lpowerup                powerup      0000
__Lram                    ram          0000
__Lreset_vec              reset_vec    0000
__Lsfr0                   sfr0         0000
__Lsfr1                   sfr1         0000
__Lsfr2                   sfr2         0000
__Lsfr3                   sfr3         0000
__Lspace_0                (abs)        0000
__Lspace_1                (abs)        0000
__Lspace_2                (abs)        0000
__Lspace_3                (abs)        0000
__Lstack                  stack        0000
__Lstrings                strings      0000
__Ltext                   text         0000
__S0                      (abs)        2009
__S1                      (abs)        007E
__S2                      (abs)        0000
__S3                      (abs)        0000
___aldiv                  text10       075C
___aldiv@counter          cstackBANK0  0020
___aldiv@dividend         cstackCOMMON 0074
___aldiv@divisor          cstackCOMMON 0070
___aldiv@quotient         cstackBANK0  0022
___aldiv@sign             cstackBANK0  0021
___int_sp                 stack        0000
___latbits                (abs)        0002
___sp                     stack        0000
___stackhi                (abs)        0000
___stacklo                (abs)        0000
__end_of_UART_INIT        text9        06D1
__end_of_UART_READ        text8        05CA
__end_of_UART_WRITE       text7        05DF
__end_of___aldiv          text10       07F9
__end_of__initialization  cinit        07FC
__end_of_initOsc          text6        066E
__end_of_main             maintext     075C
__end_of_setup            text4        0612
__end_of_spiInit          text5        05F6
__end_of_spiRead          text2        05D3
__end_of_spiReceiveWait   text3        05C2
__end_of_spiWrite         text1        05BB
__initialization          cinit        07F9
__pbssCOMMON              bssCOMMON    007B
__pcstackBANK0            cstackBANK0  0020
__pcstackCOMMON           cstackCOMMON 0070
__pmaintext               maintext     06D1
__ptext1                  text1        05B5
__ptext10                 text10       075C
__ptext2                  text2        05CA
__ptext3                  text3        05BB
__ptext4                  text4        05F6
__ptext5                  text5        05DF
__ptext6                  text6        0612
__ptext7                  text7        05D3
__ptext8                  text8        05C2
__ptext9                  text9        066E
__size_of_UART_INIT       (abs)        0000
__size_of_UART_READ       (abs)        0000
__size_of_UART_WRITE      (abs)        0000
__size_of___aldiv         (abs)        0000
__size_of_initOsc         (abs)        0000
__size_of_main            (abs)        0000
__size_of_setup           (abs)        0000
__size_of_spiInit         (abs)        0000
__size_of_spiRead         (abs)        0000
__size_of_spiReceiveWait  (abs)        0000
__size_of_spiWrite        (abs)        0000
_initOsc                  text6        0612
_main                     maintext     06D1
_pot1                     bssCOMMON    007D
_pot2                     bssCOMMON    007C
_setup                    text4        05F6
_spiInit                  text5        05DF
_spiRead                  text2        05CA
_spiReceiveWait           text3        05BB
_spiWrite                 text1        05B5
btemp                     (abs)        007E
end_of_initialization     cinit        07FC
initOsc@frec              cstackCOMMON 0072
intlevel0                 functab      0000
intlevel1                 functab      0000
intlevel2                 functab      0000
intlevel3                 functab      0000
intlevel4                 functab      0000
intlevel5                 functab      0000
reset_vec                 reset_vec    0000
spiInit@sClockIdle        cstackCOMMON 0071
spiInit@sDataSample       cstackCOMMON 0070
spiInit@sTransmitEdge     cstackCOMMON 0072
spiInit@sType             cstackCOMMON 0073
spiWrite@dat              cstackCOMMON 0070
start                     init         0000
start_initialization      cinit        07F9
wtemp0                    (abs)        007E


FUNCTION INFORMATION:

 *************** function _main *****************
 Defined at:
		line 52 in file "Lab4_Master.c"
 Parameters:    Size  Location     Type
		None
 Auto vars:     Size  Location     Type
		None
 Return value:  Size  Location     Type
                  1    wreg      void 
 Registers used:
		wreg, fsr0l, fsr0h, status,2, status,0, pclath, cstack
 Tracked objects:
		On entry : 
		On exit  : 
		Unchanged: 
 Data sizes:     COMMON   BANK0   BANK1   BANK3   BANK2
      Params:         0       0       0       0       0
      Locals:         0       0       0       0       0
      Temps:          2       0       0       0       0
      Totals:         2       0       0       0       0
Total ram usage:        2 bytes
 Hardware stack levels required when called:    2
 This function calls:
		_UART_INIT
		_UART_READ
		_UART_WRITE
		_initOsc
		_setup
		_spiRead
		_spiWrite
 This function is called by:
		Startup code after reset
 This function uses a non-reentrant model


 *************** function _spiWrite *****************
 Defined at:
		line 37 in file "SPI_MASTER.c"
 Parameters:    Size  Location     Type
  dat             1    wreg     unsigned char 
 Auto vars:     Size  Location     Type
  dat             1    0[COMMON] unsigned char 
 Return value:  Size  Location     Type
                  1    wreg      void 
 Registers used:
		wreg
 Tracked objects:
		On entry : 
		On exit  : 
		Unchanged: 
 Data sizes:     COMMON   BANK0   BANK1   BANK3   BANK2
      Params:         0       0       0       0       0
      Locals:         1       0       0       0       0
      Temps:          0       0       0       0       0
      Totals:         1       0       0       0       0
Total ram usage:        1 bytes
 Hardware stack levels used:    1
 This function calls:
		Nothing
 This function is called by:
		_main
 This function uses a non-reentrant model


 *************** function _spiRead *****************
 Defined at:
		line 50 in file "SPI_MASTER.c"
 Parameters:    Size  Location     Type
		None
 Auto vars:     Size  Location     Type
		None
 Return value:  Size  Location     Type
                  1    wreg      unsigned char 
 Registers used:
		wreg, status,2, status,0, pclath, cstack
 Tracked objects:
		On entry : 
		On exit  : 
		Unchanged: 
 Data sizes:     COMMON   BANK0   BANK1   BANK3   BANK2
      Params:         0       0       0       0       0
      Locals:         0       0       0       0       0
      Temps:          0       0       0       0       0
      Totals:         0       0       0       0       0
Total ram usage:        0 bytes
 Hardware stack levels used:    1
 Hardware stack levels required when called:    1
 This function calls:
		_spiReceiveWait
 This function is called by:
		_main
 This function uses a non-reentrant model


 *************** function _spiReceiveWait *****************
 Defined at:
		line 32 in file "SPI_MASTER.c"
 Parameters:    Size  Location     Type
		None
 Auto vars:     Size  Location     Type
		None
 Return value:  Size  Location     Type
                  1    wreg      void 
 Registers used:
		None
 Tracked objects:
		On entry : 
		On exit  : 
		Unchanged: 
 Data sizes:     COMMON   BANK0   BANK1   BANK3   BANK2
      Params:         0       0       0       0       0
      Locals:         0       0       0       0       0
      Temps:          0       0       0       0       0
      Totals:         0       0       0       0       0
Total ram usage:        0 bytes
 Hardware stack levels used:    1
 This function calls:
		Nothing
 This function is called by:
		_spiRead
 This function uses a non-reentrant model


 *************** function _setup *****************
 Defined at:
		line 90 in file "Lab4_Master.c"
 Parameters:    Size  Location     Type
		None
 Auto vars:     Size  Location     Type
		None
 Return value:  Size  Location     Type
                  1    wreg      void 
 Registers used:
		wreg, status,2, status,0, pclath, cstack
 Tracked objects:
		On entry : 
		On exit  : 
		Unchanged: 
 Data sizes:     COMMON   BANK0   BANK1   BANK3   BANK2
      Params:         0       0       0       0       0
      Locals:         0       0       0       0       0
      Temps:          0       0       0       0       0
      Totals:         0       0       0       0       0
Total ram usage:        0 bytes
 Hardware stack levels used:    1
 Hardware stack levels required when called:    1
 This function calls:
		_spiInit
 This function is called by:
		_main
 This function uses a non-reentrant model


 *************** function _spiInit *****************
 Defined at:
		line 13 in file "SPI_MASTER.c"
 Parameters:    Size  Location     Type
  sType           1    wreg     enum E1264
  sDataSample     1    0[COMMON] enum E1272
  sClockIdle      1    1[COMMON] enum E1276
  sTransmitEdg    1    2[COMMON] enum E1280
 Auto vars:     Size  Location     Type
  sType           1    3[COMMON] enum E1264
 Return value:  Size  Location     Type
                  1    wreg      void 
 Registers used:
		wreg, status,2, status,0
 Tracked objects:
		On entry : 
		On exit  : 
		Unchanged: 
 Data sizes:     COMMON   BANK0   BANK1   BANK3   BANK2
      Params:         3       0       0       0       0
      Locals:         1       0       0       0       0
      Temps:          0       0       0       0       0
      Totals:         4       0       0       0       0
Total ram usage:        4 bytes
 Hardware stack levels used:    1
 This function calls:
		Nothing
 This function is called by:
		_setup
 This function uses a non-reentrant model


 *************** function _initOsc *****************
 Defined at:
		line 8 in file "OSCI.c"
 Parameters:    Size  Location     Type
  frec            1    wreg     unsigned char 
 Auto vars:     Size  Location     Type
  frec            1    2[COMMON] unsigned char 
 Return value:  Size  Location     Type
                  1    wreg      void 
 Registers used:
		wreg, fsr0l, fsr0h, status,2, status,0
 Tracked objects:
		On entry : 
		On exit  : 
		Unchanged: 
 Data sizes:     COMMON   BANK0   BANK1   BANK3   BANK2
      Params:         0       0       0       0       0
      Locals:         1       0       0       0       0
      Temps:          2       0       0       0       0
      Totals:         3       0       0       0       0
Total ram usage:        3 bytes
 Hardware stack levels used:    1
 This function calls:
		Nothing
 This function is called by:
		_main
 This function uses a non-reentrant model


 *************** function _UART_WRITE *****************
 Defined at:
		line 31 in file "UART.c"
 Parameters:    Size  Location     Type
  data            1    wreg     unsigned char 
 Auto vars:     Size  Location     Type
  data            1    0[COMMON] unsigned char 
 Return value:  Size  Location     Type
                  1    wreg      void 
 Registers used:
		wreg
 Tracked objects:
		On entry : 
		On exit  : 
		Unchanged: 
 Data sizes:     COMMON   BANK0   BANK1   BANK3   BANK2
      Params:         0       0       0       0       0
      Locals:         1       0       0       0       0
      Temps:          0       0       0       0       0
      Totals:         1       0       0       0       0
Total ram usage:        1 bytes
 Hardware stack levels used:    1
 This function calls:
		Nothing
 This function is called by:
		_main
 This function uses a non-reentrant model


 *************** function _UART_READ *****************
 Defined at:
		line 23 in file "UART.c"
 Parameters:    Size  Location     Type
		None
 Auto vars:     Size  Location     Type
		None
 Return value:  Size  Location     Type
                  1    wreg      unsigned char 
 Registers used:
		wreg
 Tracked objects:
		On entry : 
		On exit  : 
		Unchanged: 
 Data sizes:     COMMON   BANK0   BANK1   BANK3   BANK2
      Params:         0       0       0       0       0
      Locals:         0       0       0       0       0
      Temps:          0       0       0       0       0
      Totals:         0       0       0       0       0
Total ram usage:        0 bytes
 Hardware stack levels used:    1
 This function calls:
		Nothing
 This function is called by:
		_main
 This function uses a non-reentrant model


 *************** function _UART_INIT *****************
 Defined at:
		line 6 in file "UART.c"
 Parameters:    Size  Location     Type
  baudrate        4    6[BANK0 ] const long 
 Auto vars:     Size  Location     Type
		None
 Return value:  Size  Location     Type
                  1    wreg      unsigned char 
 Registers used:
		wreg, status,2, status,0, pclath, cstack
 Tracked objects:
		On entry : 
		On exit  : 
		Unchanged: 
 Data sizes:     COMMON   BANK0   BANK1   BANK3   BANK2
      Params:         0       4       0       0       0
      Locals:         0       0       0       0       0
      Temps:          0      12       0       0       0
      Totals:         0      16       0       0       0
Total ram usage:       16 bytes
 Hardware stack levels used:    1
 Hardware stack levels required when called:    1
 This function calls:
		___aldiv
 This function is called by:
		_main
 This function uses a non-reentrant model


 *************** function ___aldiv *****************
 Defined at:
		line 5 in file "C:\Program Files (x86)\Microchip\xc8\v2.10\pic\sources\c90\common\aldiv.c"
 Parameters:    Size  Location     Type
  divisor         4    0[COMMON] long 
  dividend        4    4[COMMON] long 
 Auto vars:     Size  Location     Type
  quotient        4    2[BANK0 ] long 
  sign            1    1[BANK0 ] unsigned char 
  counter         1    0[BANK0 ] unsigned char 
 Return value:  Size  Location     Type
                  4    0[COMMON] long 
 Registers used:
		wreg, status,2, status,0
 Tracked objects:
		On entry : 
		On exit  : 
		Unchanged: 
 Data sizes:     COMMON   BANK0   BANK1   BANK3   BANK2
      Params:         8       0       0       0       0
      Locals:         0       6       0       0       0
      Temps:          1       0       0       0       0
      Totals:         9       6       0       0       0
Total ram usage:       15 bytes
 Hardware stack levels used:    1
 This function calls:
		Nothing
 This function is called by:
		_UART_INIT
 This function uses a non-reentrant model



MODULE INFORMATION

Module		Function		Class		Link	Load	Size
UART.c
		_UART_READ     		CODE           	05C2	0000	9
		_UART_INIT     		CODE           	066E	0000	100
		_UART_WRITE    		CODE           	05D3	0000	13

UART.c estimated size: 122

C:\Program Files (x86)\Microchip\xc8\v2.10\pic\sources\c90\common\aldiv.c
		___aldiv       		CODE           	075C	0000	158

C:\Program Files (x86)\Microchip\xc8\v2.10\pic\sources\c90\common\aldiv.c estimated size: 158

Lab4_Master.c
		_main          		CODE           	06D1	0000	140
		_setup         		CODE           	05F6	0000	29

Lab4_Master.c estimated size: 169

shared
		__initialization		CODE           	07F9	0000	4

shared estimated size: 4

OSCI.c
		_initOsc       		CODE           	0612	0000	93

OSCI.c estimated size: 93

SPI_MASTER.c
		_spiWrite      		CODE           	05B5	0000	7
		_spiInit       		CODE           	05DF	0000	24
		_spiReceiveWait		CODE           	05BB	0000	8
		_spiRead       		CODE           	05CA	0000	10

SPI_MASTER.c estimated size: 49

