Microchip MPLAB XC8 Compiler V2.10 ()

Linker command line:

-W-3 --edf=C:\Program Files (x86)\Microchip\xc8\v2.10\pic\dat\en_msgs.txt \
  -cs -h+dist/default/production\Lab4_Master.X.production.sym \
  --cmf=dist/default/production\Lab4_Master.X.production.cmf -z -Q16F887 \
  -oC:\Users\juan\AppData\Local\Temp\sdqk.2 --defsym=__MPLAB_BUILD=1 \
  -Mdist/default/production/Lab4_Master.X.production.map -E1 -ver=XC8 \
  --acfsm=1493 -ASTACK=0110h-016Fh -pstack=STACK -ACODE=00h-07FFhx4 \
  -ASTRCODE=00h-01FFFh -ASTRING=00h-0FFhx32 -ACONST=00h-0FFhx32 \
  -AENTRY=00h-0FFhx32 -ACOMMON=070h-07Fh -ABANK0=020h-06Fh \
  -ABANK1=0A0h-0EFh -ABANK2=0110h-016Fh -ABANK3=0190h-01EFh \
  -ARAM=020h-06Fh,0A0h-0EFh,0110h-016Fh,0190h-01EFh \
  -AABS1=020h-07Fh,0A0h-0EFh,0110h-016Fh,0190h-01EFh -ASFR0=00h-01Fh \
  -ASFR1=080h-09Fh -ASFR2=0100h-010Fh -ASFR3=0180h-018Fh \
  -preset_vec=00h,intentry=04h,init,end_init -ppowerup=CODE -pcinit=CODE \
  -pfunctab=ENTRY -ACONFIG=02007h-02008h -pconfig=CONFIG -DCONFIG=2 \
  -AIDLOC=02000h-02003h -pidloc=IDLOC -DIDLOC=2 -AEEDATA=00h-0FFh/02100h \
  -peeprom_data=EEDATA -DEEDATA=2 -DCODE=2 -DSTRCODE=2 -DSTRING=2 -DCONST=2 \
  -DENTRY=2 -k C:\Users\juan\AppData\Local\Temp\sdqk.o \
  dist/default/production\Lab4_Master.X.production.o 

Object code version is 3.11

Machine type is 16F887



                Name                               Link     Load   Length Selector   Space Scale
C:\Users\juan\AppData\Local\Temp\sdqk.o
                end_init                              C        C        3        8       0
                reset_vec                             0        0        3        0       0
                config                             2007     2007        2     400E       0
dist/default/production\Lab4_Master.X.production.o
                cinit                                 F        F        7        8       0
                intentry                              4        4        8        8       0
                text5                                84       84       12        8       0
                text4                                70       70       14        8       0
                text3                                96       96        6        8       0
                text2                                58       58       18        8       0
                text1                                40       40       18        8       0
                maintext                             16       16       2A        8       0
                cstackCOMMON                         70       70        4       70       1
                bssCOMMON                            74       74        3       70       1

TOTAL           Name                               Link     Load   Length     Space
        CLASS   STACK          

        CLASS   CODE           
                end_init                              C        C        3         0
                cinit                                 F        F        7         0
                intentry                              4        4        8         0
                reset_vec                             0        0        3         0
                text5                                84       84       12         0
                text4                                70       70       14         0
                text3                                96       96        6         0
                text2                                58       58       18         0
                text1                                40       40       18         0
                maintext                             16       16       2A         0

        CLASS   STRCODE        

        CLASS   STRING         

        CLASS   CONST          

        CLASS   ENTRY          

        CLASS   COMMON         
                cstackCOMMON                         70       70        4         1
                bssCOMMON                            74       74        3         1

        CLASS   BANK0          

        CLASS   BANK1          

        CLASS   BANK2          

        CLASS   BANK3          

        CLASS   RAM            

        CLASS   ABS1           
                abs_s1                               7E       7E        2         1

        CLASS   SFR0           

        CLASS   SFR1           

        CLASS   SFR2           

        CLASS   SFR3           

        CLASS   CONFIG         
                config                             2007     2007        2         0

        CLASS   IDLOC          

        CLASS   EEDATA         



SEGMENTS        Name                           Load    Length   Top    Selector   Space  Class     Delta

                reset_vec                      000000  000003  000003         0       0  CODE        2
                intentry                       000004  000098  00009C         8       0  CODE        2
                cstackCOMMON                   000070  000007  000077        70       1  COMMON      1
                config                         002007  000002  002009      400E       0  CONFIG      2


UNUSED ADDRESS RANGES

        Name                Unused          Largest block    Delta
        BANK0            0020-006F             50           1
        BANK1            00A0-00EF             50           1
        BANK2            0110-016F             60           1
        BANK3            0190-01EF             60           1
        CODE             0003-0003              1           2
                         009C-1FFF            800
        COMMON           0077-007D              7           1
        CONST            0003-0003              1           2
                         009C-1FFF            100
        EEDATA           2100-21FF            100           2
        ENTRY            0003-0003              1           2
                         009C-1FFF            100
        IDLOC            2000-2003              4           2
        RAM              0020-006F             50           1
                         00A0-00EF             50
                         0110-016F             60
                         0190-01EF             60
        SFR0             0000-001F             20           1
        SFR1             0080-009F             20           1
        SFR2             0100-010F             10           1
        SFR3             0180-018F             10           1
        STACK            0110-016F             60           1
        STRCODE          0003-0003              1           2
                         009C-1FFF           1F64
        STRING           0003-0003              1           2
                         009C-1FFF            100

                                  Symbol Table

SPI_WRITE@DATA            cstackCOMMON 0072
_BF                       (abs)        04A0
_Data                     bssCOMMON    0076
_INTCONbits               (abs)        000B
_ISR                      text5        0084
_OSCCONbits               (abs)        008F
_PIE1bits                 (abs)        008C
_PORTAbits                (abs)        0005
_PORTB                    (abs)        0006
_SPI_READ_MT              text4        0070
_SPI_WRITE                text3        0096
_SSPBUF                   (abs)        0013
_SSPCONbits               (abs)        0014
_SSPIF                    (abs)        0063
_SSPOV                    (abs)        00A6
_SSPSTATbits              (abs)        0094
_TRISAbits                (abs)        0085
_TRISB                    (abs)        0086
_TRISCbits                (abs)        0087
__CFG_BOR4V$BOR40V        (abs)        0000
__CFG_BOREN$OFF           (abs)        0000
__CFG_CP$OFF              (abs)        0000
__CFG_CPD$OFF             (abs)        0000
__CFG_FCMEN$OFF           (abs)        0000
__CFG_FOSC$INTRC_NOCLKOUT (abs)        0000
__CFG_IESO$OFF            (abs)        0000
__CFG_LVP$OFF             (abs)        0000
__CFG_MCLRE$OFF           (abs)        0000
__CFG_PWRTE$OFF           (abs)        0000
__CFG_WDTE$OFF            (abs)        0000
__CFG_WRT$OFF             (abs)        0000
__Habs1                   abs1         0000
__Hbank0                  bank0        0000
__Hbank1                  bank1        0000
__Hbank2                  bank2        0000
__Hbank3                  bank3        0000
__HbssCOMMON              bssCOMMON    0000
__Hcinit                  cinit        0016
__Hclrtext                clrtext      0000
__Hcode                   code         0000
__Hcommon                 common       0000
__Hconfig                 config       2009
__HcstackCOMMON           cstackCOMMON 0000
__Heeprom_data            eeprom_data  0000
__Hend_init               end_init     000F
__Hfunctab                functab      0000
__Hidloc                  idloc        0000
__Hinit                   init         000C
__Hintentry               intentry     000C
__Hmaintext               maintext     0000
__Hpowerup                powerup      0000
__Hram                    ram          0000
__Hreset_vec              reset_vec    0003
__Hsfr0                   sfr0         0000
__Hsfr1                   sfr1         0000
__Hsfr2                   sfr2         0000
__Hsfr3                   sfr3         0000
__Hspace_0                (abs)        2009
__Hspace_1                (abs)        0077
__Hspace_2                (abs)        0000
__Hspace_3                (abs)        0000
__Hstack                  stack        0000
__Hstrings                strings      0000
__Htext                   text         0000
__Labs1                   abs1         0000
__Lbank0                  bank0        0000
__Lbank1                  bank1        0000
__Lbank2                  bank2        0000
__Lbank3                  bank3        0000
__LbssCOMMON              bssCOMMON    0000
__Lcinit                  cinit        000F
__Lclrtext                clrtext      0000
__Lcode                   code         0000
__Lcommon                 common       0000
__Lconfig                 config       2007
__LcstackCOMMON           cstackCOMMON 0000
__Leeprom_data            eeprom_data  0000
__Lend_init               end_init     000C
__Lfunctab                functab      0000
__Lidloc                  idloc        0000
__Linit                   init         000C
__Lintentry               intentry     0004
__Lmaintext               maintext     0000
__Lpowerup                powerup      0000
__Lram                    ram          0000
__Lreset_vec              reset_vec    0000
__Lsfr0                   sfr0         0000
__Lsfr1                   sfr1         0000
__Lsfr2                   sfr2         0000
__Lsfr3                   sfr3         0000
__Lspace_0                (abs)        0000
__Lspace_1                (abs)        0000
__Lspace_2                (abs)        0000
__Lspace_3                (abs)        0000
__Lstack                  stack        0000
__Lstrings                strings      0000
__Ltext                   text         0000
__S0                      (abs)        2009
__S1                      (abs)        0077
__S2                      (abs)        0000
__S3                      (abs)        0000
___int_sp                 stack        0000
___latbits                (abs)        0002
___sp                     stack        0000
___stackhi                (abs)        0000
___stacklo                (abs)        0000
__end_of_ISR              text5        0096
__end_of_SPI_READ_MT      text4        0084
__end_of_SPI_WRITE        text3        009C
__end_of__initialization  cinit        0012
__end_of_main             maintext     0040
__end_of_setup            text2        0070
__end_of_spi_init         text1        0058
__initialization          cinit        000F
__pbssCOMMON              bssCOMMON    0074
__pcstackCOMMON           cstackCOMMON 0070
__pintentry               intentry     0004
__pmaintext               maintext     0016
__ptext1                  text1        0040
__ptext2                  text2        0058
__ptext3                  text3        0096
__ptext4                  text4        0070
__ptext5                  text5        0084
__size_of_ISR             (abs)        0000
__size_of_SPI_READ_MT     (abs)        0000
__size_of_SPI_WRITE       (abs)        0000
__size_of_main            (abs)        0000
__size_of_setup           (abs)        0000
__size_of_spi_init        (abs)        0000
_main                     maintext     0016
_pot1                     bssCOMMON    0075
_setup                    text2        0058
_spi_init                 text1        0040
btemp                     (abs)        007E
end_of_initialization     cinit        0012
interrupt_function        intentry     0004
intlevel0                 functab      0000
intlevel1                 functab      0000
intlevel2                 functab      0000
intlevel3                 functab      0000
intlevel4                 functab      0000
intlevel5                 functab      0000
reset_vec                 reset_vec    0000
saved_w                   (abs)        007E
start                     init         000C
start_initialization      cinit        000F
wtemp0                    (abs)        007E


FUNCTION INFORMATION:

 *************** function _main *****************
 Defined at:
		line 57 in file "Lab4_Master.c"
 Parameters:    Size  Location     Type
		None
 Auto vars:     Size  Location     Type
		None
 Return value:  Size  Location     Type
                  1    wreg      void 
 Registers used:
		wreg, status,2, status,0, pclath, cstack
 Tracked objects:
		On entry : 
		On exit  : 
		Unchanged: 
 Data sizes:     COMMON   BANK0   BANK1   BANK3   BANK2
      Params:         0       0       0       0       0
      Locals:         0       0       0       0       0
      Temps:          1       0       0       0       0
      Totals:         1       0       0       0       0
Total ram usage:        1 bytes
 Hardware stack levels required when called:    2
 This function calls:
		_SPI_READ_MT
		_SPI_WRITE
		_setup
		_spi_init
 This function is called by:
		Startup code after reset
 This function uses a non-reentrant model


 *************** function _spi_init *****************
 Defined at:
		line 91 in file "Lab4_Master.c"
 Parameters:    Size  Location     Type
		None
 Auto vars:     Size  Location     Type
		None
 Return value:  Size  Location     Type
                  1    wreg      void 
 Registers used:
		wreg, status,2, status,0
 Tracked objects:
		On entry : 
		On exit  : 
		Unchanged: 
 Data sizes:     COMMON   BANK0   BANK1   BANK3   BANK2
      Params:         0       0       0       0       0
      Locals:         0       0       0       0       0
      Temps:          0       0       0       0       0
      Totals:         0       0       0       0       0
Total ram usage:        0 bytes
 Hardware stack levels used:    1
 Hardware stack levels required when called:    1
 This function calls:
		Nothing
 This function is called by:
		_main
 This function uses a non-reentrant model


 *************** function _setup *****************
 Defined at:
		line 76 in file "Lab4_Master.c"
 Parameters:    Size  Location     Type
		None
 Auto vars:     Size  Location     Type
		None
 Return value:  Size  Location     Type
                  1    wreg      void 
 Registers used:
		wreg, status,2, status,0
 Tracked objects:
		On entry : 
		On exit  : 
		Unchanged: 
 Data sizes:     COMMON   BANK0   BANK1   BANK3   BANK2
      Params:         0       0       0       0       0
      Locals:         0       0       0       0       0
      Temps:          0       0       0       0       0
      Totals:         0       0       0       0       0
Total ram usage:        0 bytes
 Hardware stack levels used:    1
 Hardware stack levels required when called:    1
 This function calls:
		Nothing
 This function is called by:
		_main
 This function uses a non-reentrant model


 *************** function _SPI_WRITE *****************
 Defined at:
		line 106 in file "Lab4_Master.c"
 Parameters:    Size  Location     Type
  DATA            1    wreg     unsigned char 
 Auto vars:     Size  Location     Type
  DATA            1    2[COMMON] unsigned char 
 Return value:  Size  Location     Type
                  1    wreg      void 
 Registers used:
		wreg
 Tracked objects:
		On entry : 
		On exit  : 
		Unchanged: 
 Data sizes:     COMMON   BANK0   BANK1   BANK3   BANK2
      Params:         0       0       0       0       0
      Locals:         1       0       0       0       0
      Temps:          0       0       0       0       0
      Totals:         1       0       0       0       0
Total ram usage:        1 bytes
 Hardware stack levels used:    1
 Hardware stack levels required when called:    1
 This function calls:
		Nothing
 This function is called by:
		_main
 This function uses a non-reentrant model


 *************** function _SPI_READ_MT *****************
 Defined at:
		line 110 in file "Lab4_Master.c"
 Parameters:    Size  Location     Type
		None
 Auto vars:     Size  Location     Type
		None
 Return value:  Size  Location     Type
                  1    wreg      unsigned char 
 Registers used:
		wreg
 Tracked objects:
		On entry : 
		On exit  : 
		Unchanged: 
 Data sizes:     COMMON   BANK0   BANK1   BANK3   BANK2
      Params:         0       0       0       0       0
      Locals:         0       0       0       0       0
      Temps:          1       0       0       0       0
      Totals:         1       0       0       0       0
Total ram usage:        1 bytes
 Hardware stack levels used:    1
 Hardware stack levels required when called:    1
 This function calls:
		Nothing
 This function is called by:
		_main
 This function uses a non-reentrant model


 *************** function _ISR *****************
 Defined at:
		line 47 in file "Lab4_Master.c"
 Parameters:    Size  Location     Type
		None
 Auto vars:     Size  Location     Type
		None
 Return value:  Size  Location     Type
                  1    wreg      void 
 Registers used:
		wreg
 Tracked objects:
		On entry : 
		On exit  : 
		Unchanged: 
 Data sizes:     COMMON   BANK0   BANK1   BANK3   BANK2
      Params:         0       0       0       0       0
      Locals:         0       0       0       0       0
      Temps:          2       0       0       0       0
      Totals:         2       0       0       0       0
Total ram usage:        2 bytes
 Hardware stack levels used:    1
 This function calls:
		Nothing
 This function is called by:
		Interrupt level 1
 This function uses a non-reentrant model



MODULE INFORMATION

Module		Function		Class		Link	Load	Size
Lab4_Master.c
		_ISR           		CODE           	0084	0000	19
		_main          		CODE           	0016	0000	43
		_SPI_WRITE     		CODE           	0096	0000	7
		_spi_init      		CODE           	0040	0000	25
		_SPI_READ_MT   		CODE           	0070	0000	21
		_setup         		CODE           	0058	0000	25

Lab4_Master.c estimated size: 140

shared
		__initialization		CODE           	000F	0000	4

shared estimated size: 4

